------------------------------------------------------------
TimeQuest Timing Analyzer Summary
------------------------------------------------------------

Type  : Slow 1200mV 85C Model Setup 'ram:u0|ledpanel:LED|clk_t'
Slack : -8.586
TNS   : -118.057

Type  : Slow 1200mV 85C Model Setup 'CLK'
Slack : -4.669
TNS   : -12893.271

Type  : Slow 1200mV 85C Model Setup 'ram:u0|ledpanel:LED|nexts'
Slack : -1.678
TNS   : -12.070

Type  : Slow 1200mV 85C Model Hold 'CLK'
Slack : -0.083
TNS   : -0.083

Type  : Slow 1200mV 85C Model Hold 'ram:u0|ledpanel:LED|clk_t'
Slack : -0.066
TNS   : -0.066

Type  : Slow 1200mV 85C Model Hold 'ram:u0|ledpanel:LED|nexts'
Slack : 0.453
TNS   : 0.000

Type  : Slow 1200mV 85C Model Minimum Pulse Width 'CLK'
Slack : -3.201
TNS   : -5045.042

Type  : Slow 1200mV 85C Model Minimum Pulse Width 'ram:u0|ledpanel:LED|nexts'
Slack : -3.201
TNS   : -25.154

Type  : Slow 1200mV 85C Model Minimum Pulse Width 'ram:u0|ledpanel:LED|clk_t'
Slack : -1.487
TNS   : -49.071

Type  : Slow 1200mV 0C Model Setup 'ram:u0|ledpanel:LED|clk_t'
Slack : -8.173
TNS   : -108.489

Type  : Slow 1200mV 0C Model Setup 'CLK'
Slack : -4.369
TNS   : -11905.486

Type  : Slow 1200mV 0C Model Setup 'ram:u0|ledpanel:LED|nexts'
Slack : -1.527
TNS   : -11.011

Type  : Slow 1200mV 0C Model Hold 'CLK'
Slack : -0.073
TNS   : -0.073

Type  : Slow 1200mV 0C Model Hold 'ram:u0|ledpanel:LED|clk_t'
Slack : 0.077
TNS   : 0.000

Type  : Slow 1200mV 0C Model Hold 'ram:u0|ledpanel:LED|nexts'
Slack : 0.403
TNS   : 0.000

Type  : Slow 1200mV 0C Model Minimum Pulse Width 'CLK'
Slack : -3.201
TNS   : -5045.042

Type  : Slow 1200mV 0C Model Minimum Pulse Width 'ram:u0|ledpanel:LED|nexts'
Slack : -3.201
TNS   : -25.154

Type  : Slow 1200mV 0C Model Minimum Pulse Width 'ram:u0|ledpanel:LED|clk_t'
Slack : -1.487
TNS   : -49.071

Type  : Fast 1200mV 0C Model Setup 'ram:u0|ledpanel:LED|clk_t'
Slack : -3.228
TNS   : -34.875

Type  : Fast 1200mV 0C Model Setup 'CLK'
Slack : -1.530
TNS   : -3837.008

Type  : Fast 1200mV 0C Model Setup 'ram:u0|ledpanel:LED|nexts'
Slack : -0.182
TNS   : -0.957

Type  : Fast 1200mV 0C Model Hold 'ram:u0|ledpanel:LED|clk_t'
Slack : -0.270
TNS   : -0.270

Type  : Fast 1200mV 0C Model Hold 'CLK'
Slack : -0.156
TNS   : -0.156

Type  : Fast 1200mV 0C Model Hold 'ram:u0|ledpanel:LED|nexts'
Slack : 0.186
TNS   : 0.000

Type  : Fast 1200mV 0C Model Minimum Pulse Width 'CLK'
Slack : -3.000
TNS   : -4475.897

Type  : Fast 1200mV 0C Model Minimum Pulse Width 'ram:u0|ledpanel:LED|clk_t'
Slack : -1.000
TNS   : -33.000

Type  : Fast 1200mV 0C Model Minimum Pulse Width 'ram:u0|ledpanel:LED|nexts'
Slack : -1.000
TNS   : -10.000

------------------------------------------------------------
